2026-04-25 12:55:10,860 - INFO - 原始数量数据形状: (84502, 5)
2026-04-25 12:55:10,860 - INFO - 原始价格数据形状: (31, 4)
2026-04-25 12:55:10,860 - INFO - 原始数量数据列名: ['设备码', '设备名称', '地市编码', '时间', '数量']
2026-04-25 12:55:10,860 - INFO - 原始价格数据列名: ['设备类型', '设备码', '设备码描述', '平均单价']
2026-04-25 12:55:10,861 - INFO - 价格表设备码数量: 31
2026-04-25 12:55:10,918 - INFO - 数量表设备码数量: 806
2026-04-25 12:55:10,919 - INFO - 公共设备码数量: 31
2026-04-25 12:55:10,922 - INFO - 过滤后的数据形状: (17504, 5)
2026-04-25 12:55:10,928 - INFO - 删除缺失数据后的形状: (17504, 5)
2026-04-25 12:55:10,938 - INFO - 过滤无效月份后的数据形状: (17504, 6)
2026-04-25 12:55:10,942 - INFO - 生成完整的地市×设备码×月份组合...
2026-04-25 12:55:10,995 - INFO - 生成完整组合后的数据形状: (6324, 4)
2026-04-25 12:55:11,008 - INFO - 添加设备类型后的数据形状: (6324, 5)
2026-04-25 12:55:11,390 - INFO - 处理完成，数据形状: (6324, 5)
2026-04-25 12:55:11,390 - INFO - 输出文件: D:\WYJ\库存优化与检定排程\Proj\data\处理后数据.xlsx
2026-04-25 12:55:11,391 - INFO - 处理后的数据预览:
2026-04-25 12:56:23,791 - INFO - 原始数量数据形状: (84502, 5)
2026-04-25 12:56:23,791 - INFO - 原始价格数据形状: (31, 4)
2026-04-25 12:56:23,791 - INFO - 原始数量数据列名: ['设备码', '设备名称', '地市编码', '时间', '数量']
2026-04-25 12:56:23,791 - INFO - 原始价格数据列名: ['设备类型', '设备码', '设备码描述', '平均单价']
2026-04-25 12:56:23,792 - INFO - 价格表设备码数量: 31
2026-04-25 12:56:23,840 - INFO - 数量表设备码数量: 806
2026-04-25 12:56:23,840 - INFO - 公共设备码数量: 31
2026-04-25 12:56:23,843 - INFO - 过滤后的数据形状: (17504, 5)
2026-04-25 12:56:23,849 - INFO - 删除缺失数据后的形状: (17504, 5)
2026-04-25 12:56:23,860 - INFO - 过滤无效月份后的数据形状: (17504, 6)
2026-04-25 12:56:23,864 - INFO - 生成完整的地市×设备码×月份组合...
2026-04-25 12:56:23,918 - INFO - 生成完整组合后的数据形状: (6324, 4)
2026-04-25 12:56:23,931 - INFO - 添加设备类型后的数据形状: (6324, 5)
2026-04-25 12:56:24,315 - INFO - 处理完成，数据形状: (6324, 5)
2026-04-25 12:56:24,315 - INFO - 输出文件: D:\WYJ\库存优化与检定排程\Proj\data\处理后数据.xlsx
2026-04-25 12:56:24,316 - INFO - 处理后的数据预览:
